
> jamsync@0.1.0 build
> next build

  ▲ Next.js 14.2.35
  - Environments: .env.local

   Creating an optimized production build ...
 ✓ Compiled successfully
   Linting and checking validity of types ...

./src/app/[username]/page.tsx
114:15  Warning: Using `<img>` could result in slower LCP and higher bandwidth. Consider using `<Image />` from `next/image` to automatically optimize images. This may incur additional usage or cost from your provider. See: https://nextjs.org/docs/messages/no-img-element  @next/next/no-img-element

./src/app/api/auth/sync/route.ts
19:28  Warning: 'req' is defined but never used.  @typescript-eslint/no-unused-vars
29:11  Warning: 'provider' is assigned a value but never used.  @typescript-eslint/no-unused-vars

./src/app/discover/page.tsx
235:19  Warning: Using `<img>` could result in slower LCP and higher bandwidth. Consider using `<Image />` from `next/image` to automatically optimize images. This may incur additional usage or cost from your provider. See: https://nextjs.org/docs/messages/no-img-element  @next/next/no-img-element
276:19  Warning: Using `<img>` could result in slower LCP and higher bandwidth. Consider using `<Image />` from `next/image` to automatically optimize images. This may incur additional usage or cost from your provider. See: https://nextjs.org/docs/messages/no-img-element  @next/next/no-img-element

./src/app/forgot-password/page.tsx
8:9  Warning: 'router' is assigned a value but never used.  @typescript-eslint/no-unused-vars
55:14  Warning: 'err' is defined but never used.  @typescript-eslint/no-unused-vars

./src/app/page.tsx
289:13  Warning: Using `<img>` could result in slower LCP and higher bandwidth. Consider using `<Image />` from `next/image` to automatically optimize images. This may incur additional usage or cost from your provider. See: https://nextjs.org/docs/messages/no-img-element  @next/next/no-img-element

./src/app/profile/edit/page.tsx
9:10  Warning: 'isLoading' is assigned a value but never used.  @typescript-eslint/no-unused-vars
9:21  Warning: 'setIsLoading' is assigned a value but never used.  @typescript-eslint/no-unused-vars
106:17  Warning: Using `<img>` could result in slower LCP and higher bandwidth. Consider using `<Image />` from `next/image` to automatically optimize images. This may incur additional usage or cost from your provider. See: https://nextjs.org/docs/messages/no-img-element  @next/next/no-img-element

./src/app/register/page.tsx
10:9  Warning: 'router' is assigned a value but never used.  @typescript-eslint/no-unused-vars
119:15  Warning: Using `<img>` could result in slower LCP and higher bandwidth. Consider using `<Image />` from `next/image` to automatically optimize images. This may incur additional usage or cost from your provider. See: https://nextjs.org/docs/messages/no-img-element  @next/next/no-img-element

./src/app/remix/[id]/page.tsx
7:22  Warning: 'UploadProgress' is defined but never used.  @typescript-eslint/no-unused-vars
112:14  Warning: 'err' is defined but never used.  @typescript-eslint/no-unused-vars

./src/app/reset-password/page.tsx
8:9  Warning: 'router' is assigned a value but never used.  @typescript-eslint/no-unused-vars
82:14  Warning: 'err' is defined but never used.  @typescript-eslint/no-unused-vars

./src/app/trending/page.tsx
113:19  Warning: Using `<img>` could result in slower LCP and higher bandwidth. Consider using `<Image />` from `next/image` to automatically optimize images. This may incur additional usage or cost from your provider. See: https://nextjs.org/docs/messages/no-img-element  @next/next/no-img-element
184:19  Warning: Using `<img>` could result in slower LCP and higher bandwidth. Consider using `<Image />` from `next/image` to automatically optimize images. This may incur additional usage or cost from your provider. See: https://nextjs.org/docs/messages/no-img-element  @next/next/no-img-element

./src/app/upload/page.tsx
7:31  Warning: 'Track' is defined but never used.  @typescript-eslint/no-unused-vars
88:14  Warning: 'err' is defined but never used.  @typescript-eslint/no-unused-vars
91:6  Warning: React Hook useCallback has a missing dependency: 'selectedFileType'. Either include it or remove the dependency array.  react-hooks/exhaustive-deps

./src/components/feed/TrackCard.tsx
365:17  Warning: Using `<img>` could result in slower LCP and higher bandwidth. Consider using `<Image />` from `next/image` to automatically optimize images. This may incur additional usage or cost from your provider. See: https://nextjs.org/docs/messages/no-img-element  @next/next/no-img-element
431:15  Warning: Using `<img>` could result in slower LCP and higher bandwidth. Consider using `<Image />` from `next/image` to automatically optimize images. This may incur additional usage or cost from your provider. See: https://nextjs.org/docs/messages/no-img-element  @next/next/no-img-element

./src/components/modal/RemixModal.tsx
9:10  Warning: 'remixFile' is assigned a value but never used.  @typescript-eslint/no-unused-vars
94:6  Warning: React Hook useCallback has a missing dependency: 'handleClose'. Either include it or remove the dependency array.  react-hooks/exhaustive-deps

./src/components/modal/UploadModal.tsx
82:6  Warning: React Hook useCallback has a missing dependency: 'handleClose'. Either include it or remove the dependency array.  react-hooks/exhaustive-deps

./src/components/ui/Dialog.tsx
202:3  Warning: 'snapPoints' is assigned a value but never used.  @typescript-eslint/no-unused-vars

./src/components/ui/Dropdown.tsx
153:11  Warning: Using `<img>` could result in slower LCP and higher bandwidth. Consider using `<Image />` from `next/image` to automatically optimize images. This may incur additional usage or cost from your provider. See: https://nextjs.org/docs/messages/no-img-element  @next/next/no-img-element

./src/components/ui/FormElements.tsx
282:1  Warning: Assign object to a variable before exporting as module default  import/no-anonymous-default-export

./src/components/ui/InfiniteScroll.tsx
3:36  Warning: 'useCallback' is defined but never used.  @typescript-eslint/no-unused-vars

./src/components/ui/Layout.tsx
306:1  Warning: Assign object to a variable before exporting as module default  import/no-anonymous-default-export

./src/components/ui/Loading.tsx
140:1  Warning: Assign object to a variable before exporting as module default  import/no-anonymous-default-export

./src/components/ui/Responsive.tsx
293:1  Warning: Assign object to a variable before exporting as module default  import/no-anonymous-default-export

./src/components/ui/SearchBar.tsx
186:23  Warning: Using `<img>` could result in slower LCP and higher bandwidth. Consider using `<Image />` from `next/image` to automatically optimize images. This may incur additional usage or cost from your provider. See: https://nextjs.org/docs/messages/no-img-element  @next/next/no-img-element

./src/components/ui/index.tsx
156:11  Warning: Using `<img>` could result in slower LCP and higher bandwidth. Consider using `<Image />` from `next/image` to automatically optimize images. This may incur additional usage or cost from your provider. See: https://nextjs.org/docs/messages/no-img-element  @next/next/no-img-element

./src/hooks/useVideoAutoPlay.ts
1:31  Warning: 'useRef' is defined but never used.  @typescript-eslint/no-unused-vars

./src/types/auth.d.ts
1:10  Warning: 'Client' is defined but never used.  @typescript-eslint/no-unused-vars

./src/types/next-auth.d.ts
2:10  Warning: 'JWT' is defined but never used.  @typescript-eslint/no-unused-vars

info  - Need to disable some ESLint rules? Learn more here: https://nextjs.org/docs/basic-features/eslint#disabling-rules
   Collecting page data ...
   Generating static pages (0/26) ...
   Generating static pages (6/26) 
   Generating static pages (12/26) 
 ⚠ Unsupported metadata viewport is configured in metadata export in /_not-found. Please move it to viewport export instead.
Read more: https://nextjs.org/docs/app/api-reference/functions/generate-viewport
 ⚠ Unsupported metadata themeColor is configured in metadata export in /_not-found. Please move it to viewport export instead.
Read more: https://nextjs.org/docs/app/api-reference/functions/generate-viewport
 ⚠ Unsupported metadata viewport is configured in metadata export in /_not-found. Please move it to viewport export instead.
Read more: https://nextjs.org/docs/app/api-reference/functions/generate-viewport
 ⚠ Unsupported metadata themeColor is configured in metadata export in /_not-found. Please move it to viewport export instead.
Read more: https://nextjs.org/docs/app/api-reference/functions/generate-viewport
 ⚠ Unsupported metadata viewport is configured in metadata export in /discover. Please move it to viewport export instead.
Read more: https://nextjs.org/docs/app/api-reference/functions/generate-viewport
 ⚠ Unsupported metadata themeColor is configured in metadata export in /discover. Please move it to viewport export instead.
Read more: https://nextjs.org/docs/app/api-reference/functions/generate-viewport
 ⚠ Unsupported metadata viewport is configured in metadata export in /discover. Please move it to viewport export instead.
Read more: https://nextjs.org/docs/app/api-reference/functions/generate-viewport
 ⚠ Unsupported metadata themeColor is configured in metadata export in /discover. Please move it to viewport export instead.
Read more: https://nextjs.org/docs/app/api-reference/functions/generate-viewport
 ⚠ Unsupported metadata viewport is configured in metadata export in /. Please move it to viewport export instead.
Read more: https://nextjs.org/docs/app/api-reference/functions/generate-viewport
 ⚠ Unsupported metadata themeColor is configured in metadata export in /. Please move it to viewport export instead.
Read more: https://nextjs.org/docs/app/api-reference/functions/generate-viewport
 ⚠ Unsupported metadata viewport is configured in metadata export in /. Please move it to viewport export instead.
Read more: https://nextjs.org/docs/app/api-reference/functions/generate-viewport
 ⚠ Unsupported metadata themeColor is configured in metadata export in /. Please move it to viewport export instead.
Read more: https://nextjs.org/docs/app/api-reference/functions/generate-viewport
 ⚠ Unsupported metadata viewport is configured in metadata export in /profile/edit. Please move it to viewport export instead.
Read more: https://nextjs.org/docs/app/api-reference/functions/generate-viewport
 ⚠ Unsupported metadata themeColor is configured in metadata export in /profile/edit. Please move it to viewport export instead.
Read more: https://nextjs.org/docs/app/api-reference/functions/generate-viewport
 ⚠ Unsupported metadata viewport is configured in metadata export in /profile/edit. Please move it to viewport export instead.
Read more: https://nextjs.org/docs/app/api-reference/functions/generate-viewport
 ⚠ Unsupported metadata themeColor is configured in metadata export in /profile/edit. Please move it to viewport export instead.
Read more: https://nextjs.org/docs/app/api-reference/functions/generate-viewport
 ⚠ Unsupported metadata viewport is configured in metadata export in /profile. Please move it to viewport export instead.
Read more: https://nextjs.org/docs/app/api-reference/functions/generate-viewport
 ⚠ Unsupported metadata themeColor is configured in metadata export in /profile. Please move it to viewport export instead.
Read more: https://nextjs.org/docs/app/api-reference/functions/generate-viewport
 ⚠ Unsupported metadata viewport is configured in metadata export in /profile. Please move it to viewport export instead.
Read more: https://nextjs.org/docs/app/api-reference/functions/generate-viewport
 ⚠ Unsupported metadata themeColor is configured in metadata export in /profile. Please move it to viewport export instead.
Read more: https://nextjs.org/docs/app/api-reference/functions/generate-viewport
 ⚠ Unsupported metadata viewport is configured in metadata export in /register. Please move it to viewport export instead.
Read more: https://nextjs.org/docs/app/api-reference/functions/generate-viewport
 ⚠ Unsupported metadata themeColor is configured in metadata export in /register. Please move it to viewport export instead.
Read more: https://nextjs.org/docs/app/api-reference/functions/generate-viewport
 ⚠ Unsupported metadata viewport is configured in metadata export in /register. Please move it to viewport export instead.
Read more: https://nextjs.org/docs/app/api-reference/functions/generate-viewport
 ⚠ Unsupported metadata themeColor is configured in metadata export in /register. Please move it to viewport export instead.
Read more: https://nextjs.org/docs/app/api-reference/functions/generate-viewport
Error: useAuth must be used within an AuthProvider
    at n (/root/clawd/jamsync/.next/server/app/login/page.js:1:9899)
    at c (/root/clawd/jamsync/.next/server/app/register/page.js:1:2427)
    at nj (/root/clawd/jamsync/node_modules/next/dist/compiled/next-server/app-page.runtime.prod.js:12:46252)
    at nM (/root/clawd/jamsync/node_modules/next/dist/compiled/next-server/app-page.runtime.prod.js:12:47572)
    at nL (/root/clawd/jamsync/node_modules/next/dist/compiled/next-server/app-page.runtime.prod.js:12:64547)
    at nI (/root/clawd/jamsync/node_modules/next/dist/compiled/next-server/app-page.runtime.prod.js:12:47011)
    at nM (/root/clawd/jamsync/node_modules/next/dist/compiled/next-server/app-page.runtime.prod.js:12:47718)
    at nM (/root/clawd/jamsync/node_modules/next/dist/compiled/next-server/app-page.runtime.prod.js:12:61547)
    at nL (/root/clawd/jamsync/node_modules/next/dist/compiled/next-server/app-page.runtime.prod.js:12:64547)
    at nB (/root/clawd/jamsync/node_modules/next/dist/compiled/next-server/app-page.runtime.prod.js:12:67539) {
  digest: '1537560427'
}
 ⚠ Unsupported metadata viewport is configured in metadata export in /register. Please move it to viewport export instead.
Read more: https://nextjs.org/docs/app/api-reference/functions/generate-viewport
 ⚠ Unsupported metadata themeColor is configured in metadata export in /register. Please move it to viewport export instead.
Read more: https://nextjs.org/docs/app/api-reference/functions/generate-viewport

Error occurred prerendering page "/register". Read more: https://nextjs.org/docs/messages/prerender-error

Error: useAuth must be used within an AuthProvider
    at n (/root/clawd/jamsync/.next/server/app/login/page.js:1:9899)
    at c (/root/clawd/jamsync/.next/server/app/register/page.js:1:2427)
    at nj (/root/clawd/jamsync/node_modules/next/dist/compiled/next-server/app-page.runtime.prod.js:12:46252)
    at nM (/root/clawd/jamsync/node_modules/next/dist/compiled/next-server/app-page.runtime.prod.js:12:47572)
    at nL (/root/clawd/jamsync/node_modules/next/dist/compiled/next-server/app-page.runtime.prod.js:12:64547)
    at nI (/root/clawd/jamsync/node_modules/next/dist/compiled/next-server/app-page.runtime.prod.js:12:47011)
    at nM (/root/clawd/jamsync/node_modules/next/dist/compiled/next-server/app-page.runtime.prod.js:12:47718)
    at nM (/root/clawd/jamsync/node_modules/next/dist/compiled/next-server/app-page.runtime.prod.js:12:61547)
    at nL (/root/clawd/jamsync/node_modules/next/dist/compiled/next-server/app-page.runtime.prod.js:12:64547)
    at nB (/root/clawd/jamsync/node_modules/next/dist/compiled/next-server/app-page.runtime.prod.js:12:67539)
   Generating static pages (19/26) 
 ⚠ Unsupported metadata viewport is configured in metadata export in /reset-password. Please move it to viewport export instead.
Read more: https://nextjs.org/docs/app/api-reference/functions/generate-viewport
 ⚠ Unsupported metadata themeColor is configured in metadata export in /reset-password. Please move it to viewport export instead.
Read more: https://nextjs.org/docs/app/api-reference/functions/generate-viewport
 ⚠ Unsupported metadata viewport is configured in metadata export in /reset-password. Please move it to viewport export instead.
Read more: https://nextjs.org/docs/app/api-reference/functions/generate-viewport
 ⚠ Unsupported metadata themeColor is configured in metadata export in /reset-password. Please move it to viewport export instead.
Read more: https://nextjs.org/docs/app/api-reference/functions/generate-viewport
 ⨯ useSearchParams() should be wrapped in a suspense boundary at page "/reset-password". Read more: https://nextjs.org/docs/messages/missing-suspense-with-csr-bailout
    at o (/root/clawd/jamsync/.next/server/chunks/711.js:1:30983)
    at c (/root/clawd/jamsync/.next/server/chunks/711.js:1:41966)
    at i (/root/clawd/jamsync/.next/server/app/reset-password/page.js:1:2407)
    at nj (/root/clawd/jamsync/node_modules/next/dist/compiled/next-server/app-page.runtime.prod.js:12:46252)
    at nM (/root/clawd/jamsync/node_modules/next/dist/compiled/next-server/app-page.runtime.prod.js:12:47572)
    at nL (/root/clawd/jamsync/node_modules/next/dist/compiled/next-server/app-page.runtime.prod.js:12:64547)
    at nI (/root/clawd/jamsync/node_modules/next/dist/compiled/next-server/app-page.runtime.prod.js:12:47011)
    at nM (/root/clawd/jamsync/node_modules/next/dist/compiled/next-server/app-page.runtime.prod.js:12:47718)
    at nM (/root/clawd/jamsync/node_modules/next/dist/compiled/next-server/app-page.runtime.prod.js:12:61547)
    at nL (/root/clawd/jamsync/node_modules/next/dist/compiled/next-server/app-page.runtime.prod.js:12:64547)

Error occurred prerendering page "/reset-password". Read more: https://nextjs.org/docs/messages/prerender-error

 ⚠ Unsupported metadata viewport is configured in metadata export in /test-page. Please move it to viewport export instead.
Read more: https://nextjs.org/docs/app/api-reference/functions/generate-viewport
 ⚠ Unsupported metadata themeColor is configured in metadata export in /test-page. Please move it to viewport export instead.
Read more: https://nextjs.org/docs/app/api-reference/functions/generate-viewport
 ⚠ Unsupported metadata viewport is configured in metadata export in /test-page. Please move it to viewport export instead.
Read more: https://nextjs.org/docs/app/api-reference/functions/generate-viewport
 ⚠ Unsupported metadata themeColor is configured in metadata export in /test-page. Please move it to viewport export instead.
Read more: https://nextjs.org/docs/app/api-reference/functions/generate-viewport
 ⚠ Unsupported metadata viewport is configured in metadata export in /upload. Please move it to viewport export instead.
Read more: https://nextjs.org/docs/app/api-reference/functions/generate-viewport
 ⚠ Unsupported metadata themeColor is configured in metadata export in /upload. Please move it to viewport export instead.
Read more: https://nextjs.org/docs/app/api-reference/functions/generate-viewport
 ⚠ Unsupported metadata viewport is configured in metadata export in /upload. Please move it to viewport export instead.
Read more: https://nextjs.org/docs/app/api-reference/functions/generate-viewport
 ⚠ Unsupported metadata themeColor is configured in metadata export in /upload. Please move it to viewport export instead.
Read more: https://nextjs.org/docs/app/api-reference/functions/generate-viewport
 ⚠ Unsupported metadata viewport is configured in metadata export in /forgot-password. Please move it to viewport export instead.
Read more: https://nextjs.org/docs/app/api-reference/functions/generate-viewport
 ⚠ Unsupported metadata themeColor is configured in metadata export in /forgot-password. Please move it to viewport export instead.
Read more: https://nextjs.org/docs/app/api-reference/functions/generate-viewport
 ⚠ Unsupported metadata viewport is configured in metadata export in /forgot-password. Please move it to viewport export instead.
Read more: https://nextjs.org/docs/app/api-reference/functions/generate-viewport
 ⚠ Unsupported metadata themeColor is configured in metadata export in /forgot-password. Please move it to viewport export instead.
Read more: https://nextjs.org/docs/app/api-reference/functions/generate-viewport
 ⚠ Unsupported metadata viewport is configured in metadata export in /login. Please move it to viewport export instead.
Read more: https://nextjs.org/docs/app/api-reference/functions/generate-viewport
 ⚠ Unsupported metadata themeColor is configured in metadata export in /login. Please move it to viewport export instead.
Read more: https://nextjs.org/docs/app/api-reference/functions/generate-viewport
 ⚠ Unsupported metadata viewport is configured in metadata export in /login. Please move it to viewport export instead.
Read more: https://nextjs.org/docs/app/api-reference/functions/generate-viewport
 ⚠ Unsupported metadata themeColor is configured in metadata export in /login. Please move it to viewport export instead.
Read more: https://nextjs.org/docs/app/api-reference/functions/generate-viewport
Error: useAuth must be used within an AuthProvider
    at n (/root/clawd/jamsync/.next/server/app/login/page.js:1:9899)
    at c (/root/clawd/jamsync/.next/server/app/login/page.js:1:2411)
    at nj (/root/clawd/jamsync/node_modules/next/dist/compiled/next-server/app-page.runtime.prod.js:12:46252)
    at nM (/root/clawd/jamsync/node_modules/next/dist/compiled/next-server/app-page.runtime.prod.js:12:47572)
    at nL (/root/clawd/jamsync/node_modules/next/dist/compiled/next-server/app-page.runtime.prod.js:12:64547)
    at nI (/root/clawd/jamsync/node_modules/next/dist/compiled/next-server/app-page.runtime.prod.js:12:47011)
    at nM (/root/clawd/jamsync/node_modules/next/dist/compiled/next-server/app-page.runtime.prod.js:12:47718)
    at nM (/root/clawd/jamsync/node_modules/next/dist/compiled/next-server/app-page.runtime.prod.js:12:61547)
    at nL (/root/clawd/jamsync/node_modules/next/dist/compiled/next-server/app-page.runtime.prod.js:12:64547)
    at nB (/root/clawd/jamsync/node_modules/next/dist/compiled/next-server/app-page.runtime.prod.js:12:67539) {
  digest: '3488810244'
}
 ⚠ Unsupported metadata viewport is configured in metadata export in /login. Please move it to viewport export instead.
Read more: https://nextjs.org/docs/app/api-reference/functions/generate-viewport
 ⚠ Unsupported metadata themeColor is configured in metadata export in /login. Please move it to viewport export instead.
Read more: https://nextjs.org/docs/app/api-reference/functions/generate-viewport

Error occurred prerendering page "/login". Read more: https://nextjs.org/docs/messages/prerender-error

Error: useAuth must be used within an AuthProvider
    at n (/root/clawd/jamsync/.next/server/app/login/page.js:1:9899)
    at c (/root/clawd/jamsync/.next/server/app/login/page.js:1:2411)
    at nj (/root/clawd/jamsync/node_modules/next/dist/compiled/next-server/app-page.runtime.prod.js:12:46252)
    at nM (/root/clawd/jamsync/node_modules/next/dist/compiled/next-server/app-page.runtime.prod.js:12:47572)
    at nL (/root/clawd/jamsync/node_modules/next/dist/compiled/next-server/app-page.runtime.prod.js:12:64547)
    at nI (/root/clawd/jamsync/node_modules/next/dist/compiled/next-server/app-page.runtime.prod.js:12:47011)
    at nM (/root/clawd/jamsync/node_modules/next/dist/compiled/next-server/app-page.runtime.prod.js:12:47718)
    at nM (/root/clawd/jamsync/node_modules/next/dist/compiled/next-server/app-page.runtime.prod.js:12:61547)
    at nL (/root/clawd/jamsync/node_modules/next/dist/compiled/next-server/app-page.runtime.prod.js:12:64547)
    at nB (/root/clawd/jamsync/node_modules/next/dist/compiled/next-server/app-page.runtime.prod.js:12:67539)
 ⚠ Unsupported metadata viewport is configured in metadata export in /trending. Please move it to viewport export instead.
Read more: https://nextjs.org/docs/app/api-reference/functions/generate-viewport
 ⚠ Unsupported metadata themeColor is configured in metadata export in /trending. Please move it to viewport export instead.
Read more: https://nextjs.org/docs/app/api-reference/functions/generate-viewport
 ⚠ Unsupported metadata viewport is configured in metadata export in /trending. Please move it to viewport export instead.
Read more: https://nextjs.org/docs/app/api-reference/functions/generate-viewport
 ⚠ Unsupported metadata themeColor is configured in metadata export in /trending. Please move it to viewport export instead.
Read more: https://nextjs.org/docs/app/api-reference/functions/generate-viewport
 ⚠ Unsupported metadata viewport is configured in metadata export in /for-you. Please move it to viewport export instead.
Read more: https://nextjs.org/docs/app/api-reference/functions/generate-viewport
 ⚠ Unsupported metadata themeColor is configured in metadata export in /for-you. Please move it to viewport export instead.
Read more: https://nextjs.org/docs/app/api-reference/functions/generate-viewport
 ⚠ Unsupported metadata viewport is configured in metadata export in /for-you. Please move it to viewport export instead.
Read more: https://nextjs.org/docs/app/api-reference/functions/generate-viewport
 ⚠ Unsupported metadata themeColor is configured in metadata export in /for-you. Please move it to viewport export instead.
Read more: https://nextjs.org/docs/app/api-reference/functions/generate-viewport
 ✓ Generating static pages (26/26)

> Export encountered errors on following paths:
	/login/page: /login
	/register/page: /register
	/reset-password/page: /reset-password
